[transformers] Token indices sequence length is longer than the specified maximum sequence length for this model (10894 > 8192). Running this sequence through the model will result in indexing errors
/Users/abhishektuteja/code-projects/RAG-SEC/.venv/lib/python3.12/site-packages/sec_parser/utils/bs4_/approx_table_metrics.py:31: UserWarning: Failed to get table metrics: 'NoneType' object has no attribute 'text'
  warnings.warn(f"Failed to get table metrics: {e}", stacklevel=0)
/Users/abhishektuteja/code-projects/RAG-SEC/.venv/lib/python3.12/site-packages/sec_parser/utils/bs4_/approx_table_metrics.py:31: UserWarning: Failed to get table metrics: 'NoneType' object has no attribute 'text'
  warnings.warn(f"Failed to get table metrics: {e}", stacklevel=0)
/Users/abhishektuteja/code-projects/RAG-SEC/.venv/lib/python3.12/site-packages/sec_parser/utils/bs4_/approx_table_metrics.py:31: UserWarning: Failed to get table metrics: 'NoneType' object has no attribute 'text'
  warnings.warn(f"Failed to get table metrics: {e}", stacklevel=0)
/Users/abhishektuteja/code-projects/RAG-SEC/.venv/lib/python3.12/site-packages/sec_parser/utils/bs4_/approx_table_metrics.py:31: UserWarning: Failed to get table metrics: 'NoneType' object has no attribute 'text'
  warnings.warn(f"Failed to get table metrics: {e}", stacklevel=0)
/Users/abhishektuteja/code-projects/RAG-SEC/.venv/lib/python3.12/site-packages/sec_parser/utils/bs4_/approx_table_metrics.py:31: UserWarning: Failed to get table metrics: 'NoneType' object has no attribute 'text'
  warnings.warn(f"Failed to get table metrics: {e}", stacklevel=0)
/Users/abhishektuteja/code-projects/RAG-SEC/.venv/lib/python3.12/site-packages/sec_parser/utils/bs4_/approx_table_metrics.py:31: UserWarning: Failed to get table metrics: 'NoneType' object has no attribute 'text'
  warnings.warn(f"Failed to get table metrics: {e}", stacklevel=0)
/Users/abhishektuteja/code-projects/RAG-SEC/.venv/lib/python3.12/site-packages/sec_parser/utils/bs4_/approx_table_metrics.py:31: UserWarning: Failed to get table metrics: 'NoneType' object has no attribute 'text'
  warnings.warn(f"Failed to get table metrics: {e}", stacklevel=0)
/Users/abhishektuteja/code-projects/RAG-SEC/.venv/lib/python3.12/site-packages/sec_parser/utils/bs4_/approx_table_metrics.py:31: UserWarning: Failed to get table metrics: 'NoneType' object has no attribute 'text'
  warnings.warn(f"Failed to get table metrics: {e}", stacklevel=0)
/Users/abhishektuteja/code-projects/RAG-SEC/.venv/lib/python3.12/site-packages/sec_parser/utils/bs4_/approx_table_metrics.py:31: UserWarning: Failed to get table metrics: 'NoneType' object has no attribute 'text'
  warnings.warn(f"Failed to get table metrics: {e}", stacklevel=0)
/Users/abhishektuteja/code-projects/RAG-SEC/.venv/lib/python3.12/site-packages/sec_parser/utils/bs4_/approx_table_metrics.py:31: UserWarning: Failed to get table metrics: 'NoneType' object has no attribute 'text'
  warnings.warn(f"Failed to get table metrics: {e}", stacklevel=0)
/Users/abhishektuteja/code-projects/RAG-SEC/.venv/lib/python3.12/site-packages/sec_parser/utils/bs4_/approx_table_metrics.py:31: UserWarning: Failed to get table metrics: 'NoneType' object has no attribute 'text'
  warnings.warn(f"Failed to get table metrics: {e}", stacklevel=0)
/Users/abhishektuteja/code-projects/RAG-SEC/.venv/lib/python3.12/site-packages/sec_parser/utils/bs4_/approx_table_metrics.py:31: UserWarning: Failed to get table metrics: 'NoneType' object has no attribute 'text'
  warnings.warn(f"Failed to get table metrics: {e}", stacklevel=0)
/Users/abhishektuteja/code-projects/RAG-SEC/.venv/lib/python3.12/site-packages/sec_parser/utils/bs4_/approx_table_metrics.py:31: UserWarning: Failed to get table metrics: 'NoneType' object has no attribute 'text'
  warnings.warn(f"Failed to get table metrics: {e}", stacklevel=0)
/Users/abhishektuteja/code-projects/RAG-SEC/.venv/lib/python3.12/site-packages/sec_parser/utils/bs4_/approx_table_metrics.py:31: UserWarning: Failed to get table metrics: 'NoneType' object has no attribute 'text'
  warnings.warn(f"Failed to get table metrics: {e}", stacklevel=0)
/Users/abhishektuteja/code-projects/RAG-SEC/.venv/lib/python3.12/site-packages/sec_parser/utils/bs4_/approx_table_metrics.py:31: UserWarning: Failed to get table metrics: 'NoneType' object has no attribute 'text'
  warnings.warn(f"Failed to get table metrics: {e}", stacklevel=0)
/Users/abhishektuteja/code-projects/RAG-SEC/.venv/lib/python3.12/site-packages/sec_parser/utils/bs4_/approx_table_metrics.py:31: UserWarning: Failed to get table metrics: 'NoneType' object has no attribute 'text'
  warnings.warn(f"Failed to get table metrics: {e}", stacklevel=0)
100 pairs already done, 699 remaining in pool
Sampled 200 (cik, year) targets
[1/200] BLL 2006
[2/200] IP 2015
[3/200] HOLX 2004
[4/200] HUM 2007
[5/200] GPN 2013
[6/200] SNPS 2012
[7/200] RE 2012
[8/200] AAPL 2010
[9/200] GPN 2008
[10/200] IPG 2003
[11/200] TXN 2017
[12/200] AON 2007
[13/200] PNC 2011
[14/200] MMM 2015
[15/200] GIS 2008
[16/200] MO 2017
[17/200] AAPL 2006
[18/200] DG 2006
[19/200] RCL 2016
[20/200] ANSS 2008
[21/200] DRE 2010
[22/200] UAA 2017
[23/200] AMT 2005
[24/200] MRO 2003
[25/200] AAPL 2007
[26/200] AON 2009
[27/200] HII 2014
[28/200] HOLX 2006
[29/200] MA 2009
[30/200] ABMD 2018
[31/200] ANSS 2012
[32/200] ADI 2016
[33/200] NCLH 2016
[34/200] CDNS 2006
[35/200] UA 2011
[36/200] RCL 2005
[37/200] AAL 2015
[38/200] KHC 2018
[39/200] EMR 2018
[40/200] PPG 2018
[41/200] GRMN 2004
[42/200] BKNG 2017
[43/200] VLO 2016
[44/200] VLO 2012
[45/200] PKG 2006
[46/200] FRT 2011
[47/200] RL 2008
[48/200] DVN 2014
[49/200] HUM 2005
[50/200] FIS 2006
[51/200] TROW 2010
[52/200] UPS 2013
[53/200] MMM 2012
[54/200] GIS 2012
[55/200] MS 2013
[56/200] AAL 2014
[57/200] MS 2017
[58/200] AMT 2010
[59/200] APTV 2016
[60/200] L 2007
[61/200] ETR 2016
[62/200] UNP 2013
[63/200] V 2008
[64/200] MAS 2013
[65/200] EMN 2018
[66/200] AAPL 2014
[67/200] KHC 2017
[68/200] JPM 2016
[69/200] CDW 2014
[70/200] JPM 2018
[71/200] ECL 2017
[72/200] ANET 2015
[73/200] PNC 2012
[74/200] KMI 2018
[75/200] ADBE 2011
[76/200] DRE 2009
[77/200] ZBH 2008
[78/200] FIS 2017
[79/200] IQV 2016
[80/200] IQV 2018
[81/200] RE 2007
[82/200] DVN 2013
[83/200] INTC 2016
[84/200] TSCO 2017
[85/200] KMI 2010
[86/200] LMT 2014
[87/200] AWK 2018
[88/200] CE 2011
[89/200] STT 2008
[90/200] JPM 2010
[91/200] GIS 2019
[92/200] UNP 2010
[93/200] IP 2006
[94/200] CDNS 2016
[95/200] L 2010
[96/200] UNP 2015
[97/200] ABMD 2009
[98/200] BDX 2016
[99/200] APD 2014
[100/200] AES 2010
[101/200] VNO 2014
[102/200] CAG 2010
[103/200] AAPL 2003
[104/200] V 2010
[105/200] EMN 2004
[106/200] CCI 2004
[107/200] RCL 2008
[108/200] ADBE 1999
[109/200] SWKS 2006
[110/200] DG 2007
[111/200] JKHY 2011
[112/200] PKG 2018
[113/200] EL 2014
[114/200] MSI 2012
[115/200] VNO 2008
[116/200] JKHY 2010
[117/200] RL 2018
[118/200] DXC 2018
[119/200] RSG 2005
[120/200] DISH 2008
[121/200] PKG 2012
[122/200] V 2009
[123/200] CDNS 2015
[124/200] SNPS 2017
[125/200] CE 2013
[126/200] RL 2015
[127/200] DVN 2018
[128/200] K 2006
[129/200] NKE 2016
[130/200] V 2014
[131/200] NWS 2017
[132/200] NKE 2014
[133/200] ETFC 2018
[134/200] VNO 2012
[135/200] VNO 2007
[136/200] V 2019
[137/200] ETFC 2016
[138/200] HOLX 2010
[139/200] SLB 2015
[140/200] HUM 2008
[141/200] MSI 2016
[142/200] IP 2016
[143/200] V 2012
[144/200] SLG 2018
[145/200] JKHY 2018
[146/200] AAL 2016
[147/200] HUM 2014
[148/200] DG 2010
[149/200] ABMD 2005
[150/200] UPS 2005
[151/200] ANSS 2013
[152/200] VNO 2006
[153/200] AES 2012
[154/200] CCI 2003
[155/200] ABMD 2007
[156/200] RL 2013
[157/200] AOS 2010
[158/200] MMM 2013
[159/200] HUM 2010
[160/200] MS 2014
[161/200] MS 2012
[162/200] CAG 2015
[163/200] MKTX 2012
[164/200] RL 2017
[165/200] AAL 2013
[166/200] PKG 2013
[167/200] DISCA 2014
[168/200] ILMN 2017
[169/200] HOLX 2012
[170/200] AAL 2010
[171/200] BKNG 2016
[172/200] VLO 2015
[173/200] GS 2018
[174/200] FIS 2007
[175/200] SLB 2011
[176/200] AAPL 2011
[177/200] HST 2018
[178/200] INTC 2013
[179/200] PKG 2004
[180/200] VTR 2007
[181/200] VRTX 2005
[182/200] AAPL 2004
[183/200] DISH 2013
[184/200] UPS 2010
[185/200] DG 2008
[186/200] ALLE 2016
[187/200] NWS 2019
[188/200] SLB 2009
[189/200] V 2016
[190/200] UNP 2012
[191/200] SLG 2002
[192/200] CME 2010
[193/200] AES 2015
[194/200] MRO 2006
[195/200] ZBH 2017
[196/200] CMCSA 2004
[197/200] CE 2014
[198/200] DISH 2011
[199/200] DISCA 2018
[200/200] ADBE 2018
Done. Log at /Users/abhishektuteja/code-projects/RAG-SEC/data/day4_ingest_log.jsonl
