dev: 200 sampled (seed 42), 2 already done, 198 to run
Loading weights:   0%|          | 0/391 [00:00<?, ?it/s]Loading weights: 100%|██████████| 391/391 [00:00<00:00, 88599.29it/s]
Loading weights:   0%|          | 0/393 [00:00<?, ?it/s]Loading weights: 100%|██████████| 393/393 [00:00<00:00, 9813.95it/s]
Direct use of automatic function calling (AFC) in Models.generate_content is not recommended. Instead, we recommend to use AFC in Chat.send_message. Similarly, direct use of AFC in Models.generate_content_stream is not recommended. Instead, we recommend to use AFC in Chat.send_message_stream.
  1/198 finqa_dev_548      iters=1 calls=3 wall=  41.5s verdicts=finish
  2/198 finqa_dev_113      iters=1 calls=3 wall=  27.9s verdicts=finish
  3/198 finqa_dev_174      iters=4 calls=9 wall= 118.2s verdicts=loop,loop,loop,loop
  4/198 finqa_dev_420      iters=1 calls=3 wall=  46.2s verdicts=finish
  5/198 finqa_dev_309      iters=1 calls=3 wall=  67.7s verdicts=finish
  6/198 convfinqa_1090     iters=1 calls=3 wall=  70.3s verdicts=finish
  7/198 finqa_dev_413      iters=1 calls=3 wall=  86.9s verdicts=finish
  8/198 convfinqa_1759     iters=1 calls=3 wall=  87.6s verdicts=finish
  9/198 convfinqa_2830     iters=1 calls=3 wall=  89.8s verdicts=finish
  10/198 finqa_dev_275      iters=1 calls=3 wall=  91.8s verdicts=finish
     -- 12.7min elapsed, ~239.4min left, 0 errors
  11/198 finqa_dev_771      iters=1 calls=3 wall=  93.2s verdicts=finish
  12/198 convfinqa_2497     iters=1 calls=3 wall=  84.1s verdicts=finish
  13/198 finqa_dev_415      iters=1 calls=3 wall=  83.8s verdicts=finish
  14/198 finqa_dev_478      iters=1 calls=3 wall=  73.3s verdicts=finish
  15/198 finqa_dev_609      iters=1 calls=3 wall=  88.5s verdicts=finish
  16/198 finqa_dev_168      iters=4 calls=9 wall= 288.3s verdicts=loop,loop,loop,finish
  17/198 finqa_dev_332      iters=1 calls=3 wall=  99.3s verdicts=finish
  18/198 convfinqa_452      iters=1 calls=3 wall= 109.3s verdicts=finish
  19/198 finqa_dev_490      iters=3 calls=7 wall= 285.3s verdicts=loop,loop,finish
  20/198 convfinqa_220      iters=1 calls=3 wall= 108.3s verdicts=finish
     -- 35.2min elapsed, ~313.4min left, 0 errors
  21/198 convfinqa_1937     iters=1 calls=3 wall= 123.1s verdicts=finish
  22/198 finqa_dev_128      iters=1 calls=3 wall= 113.7s verdicts=finish
  23/198 finqa_dev_107      iters=1 calls=3 wall=  97.4s verdicts=finish
  24/198 convfinqa_2504     iters=1 calls=3 wall=  88.3s verdicts=finish
  25/198 finqa_dev_43       iters=1 calls=3 wall=  75.8s verdicts=finish
  26/198 convfinqa_2821     iters=1 calls=3 wall=  83.2s verdicts=finish
  27/198 finqa_dev_327      iters=1 calls=3 wall=  99.8s verdicts=finish
  28/198 finqa_dev_610      iters=1 calls=3 wall=  85.8s verdicts=finish
  29/198 finqa_dev_596      iters=1 calls=3 wall=  93.2s verdicts=finish
  30/198 finqa_dev_631      iters=1 calls=3 wall= 100.8s verdicts=finish
     -- 51.8min elapsed, ~290.0min left, 0 errors
  31/198 convfinqa_3226     iters=1 calls=3 wall=  71.3s verdicts=finish
  32/198 finqa_dev_534      iters=1 calls=3 wall=  91.9s verdicts=finish
  33/198 finqa_dev_597      iters=1 calls=3 wall= 102.4s verdicts=finish
  34/198 finqa_dev_220      iters=1 calls=3 wall=  83.3s verdicts=finish
  35/198 convfinqa_294      iters=2 calls=5 wall= 166.1s verdicts=loop,finish
  36/198 finqa_dev_198      iters=1 calls=3 wall=  80.8s verdicts=finish
  37/198 finqa_dev_743      iters=1 calls=3 wall=  76.9s verdicts=finish
  38/198 convfinqa_965      iters=1 calls=3 wall=  79.3s verdicts=finish
  39/198 finqa_dev_231      iters=4 calls=9 wall= 256.0s verdicts=loop,loop,loop,loop
  40/198 finqa_dev_865      iters=1 calls=3 wall=  81.0s verdicts=finish
     -- 70.6min elapsed, ~279.0min left, 0 errors
  41/198 convfinqa_2068     iters=1 calls=3 wall=  73.6s verdicts=finish
  42/198 finqa_dev_715      iters=1 calls=3 wall=  86.2s verdicts=finish
  43/198 finqa_dev_306      iters=1 calls=3 wall=  70.1s verdicts=finish
  44/198 finqa_dev_101      iters=1 calls=3 wall=  56.2s verdicts=finish
  45/198 finqa_dev_438      iters=1 calls=3 wall=  75.0s verdicts=finish
  46/198 finqa_dev_78       iters=1 calls=3 wall=  73.3s verdicts=finish
  47/198 convfinqa_3401     iters=1 calls=3 wall=  65.4s verdicts=finish
  48/198 finqa_dev_49       iters=1 calls=3 wall=  66.6s verdicts=finish
  49/198 convfinqa_490      iters=1 calls=3 wall=  55.4s verdicts=finish
  50/198 finqa_dev_736      iters=1 calls=3 wall=  56.7s verdicts=finish
     -- 82.5min elapsed, ~244.2min left, 0 errors
  51/198 finqa_dev_243      iters=1 calls=3 wall=  59.1s verdicts=finish
  52/198 finqa_dev_868      iters=1 calls=3 wall=  63.1s verdicts=finish
  53/198 convfinqa_2125     iters=1 calls=3 wall=  48.3s verdicts=finish
  54/198 convfinqa_499      iters=1 calls=3 wall=  71.5s verdicts=finish
  55/198 finqa_dev_381      iters=1 calls=3 wall=  79.2s verdicts=finish
  56/198 finqa_dev_767      iters=1 calls=3 wall=  75.3s verdicts=finish
  57/198 finqa_dev_63       iters=1 calls=3 wall=  61.0s verdicts=finish
  58/198 finqa_dev_323      iters=1 calls=3 wall=  66.6s verdicts=finish
  59/198 finqa_dev_44       iters=4 calls=9 wall= 285.7s verdicts=loop,loop,loop,loop
  60/198 convfinqa_542      iters=3 calls=7 wall= 224.8s verdicts=loop,loop,finish
     -- 100.3min elapsed, ~230.7min left, 0 errors
  61/198 convfinqa_2131     iters=1 calls=3 wall=  79.5s verdicts=finish
  62/198 finqa_dev_482      iters=1 calls=3 wall=  93.9s verdicts=finish
  63/198 finqa_dev_575      iters=1 calls=3 wall=  82.1s verdicts=finish
  64/198 finqa_dev_254      iters=1 calls=3 wall= 100.7s verdicts=finish
  65/198 finqa_dev_529      iters=1 calls=3 wall=  89.7s verdicts=finish
  66/198 finqa_dev_286      iters=1 calls=3 wall=  99.7s verdicts=finish
  67/198 convfinqa_1031     iters=1 calls=3 wall= 116.9s verdicts=finish
  68/198 finqa_dev_123      iters=1 calls=3 wall=  82.8s verdicts=finish
  69/198 finqa_dev_76       iters=1 calls=3 wall=  86.5s verdicts=finish
  70/198 finqa_dev_218      iters=4 calls=9 wall= 400.4s verdicts=loop,loop,loop,loop
     -- 121.6min elapsed, ~222.3min left, 0 errors
  71/198 convfinqa_2246     iters=1 calls=3 wall=  88.1s verdicts=finish
  72/198 finqa_dev_545      iters=1 calls=3 wall=  96.7s verdicts=finish
  73/198 finqa_dev_292      iters=3 calls=7 wall= 234.5s verdicts=loop,loop,finish
  74/198 finqa_dev_701      iters=1 calls=3 wall=  87.4s verdicts=finish
  75/198 convfinqa_3413     iters=1 calls=3 wall=  86.1s verdicts=finish
  76/198 finqa_dev_844      iters=2 calls=5 wall= 158.9s verdicts=loop,finish
  77/198 finqa_dev_363      iters=1 calls=3 wall=  91.3s verdicts=finish
  78/198 finqa_dev_811      iters=1 calls=3 wall=  69.6s verdicts=finish
  79/198 finqa_dev_754      iters=1 calls=3 wall=  80.0s verdicts=finish
  80/198 finqa_dev_266      iters=1 calls=3 wall=  91.8s verdicts=finish
     -- 140.2min elapsed, ~206.8min left, 0 errors
  81/198 convfinqa_203      iters=1 calls=3 wall= 101.8s verdicts=finish
  82/198 convfinqa_723      iters=4 calls=9 wall= 339.1s verdicts=loop,loop,loop,loop
  83/198 finqa_dev_590      iters=1 calls=3 wall=  71.0s verdicts=finish
  84/198 convfinqa_3393     iters=1 calls=3 wall=  80.6s verdicts=finish
  85/198 finqa_dev_233      iters=2 calls=5 wall= 119.8s verdicts=loop,finish
  86/198 finqa_dev_70       iters=1 calls=3 wall=  60.2s verdicts=finish
  87/198 finqa_dev_566      iters=1 calls=3 wall=  56.5s verdicts=finish
  88/198 finqa_dev_23       iters=1 calls=3 wall=  64.1s verdicts=finish
  89/198 finqa_dev_155      iters=1 calls=3 wall=  62.8s verdicts=finish
  90/198 finqa_dev_707      iters=1 calls=3 wall=  70.1s verdicts=finish
     -- 158.0min elapsed, ~189.6min left, 0 errors
  91/198 finqa_dev_58       iters=2 calls=5 wall= 107.4s verdicts=loop,finish
  92/198 finqa_dev_428      iters=1 calls=3 wall=  58.8s verdicts=finish
  93/198 convfinqa_1219     iters=1 calls=3 wall=  63.0s verdicts=finish
  94/198 convfinqa_1801     iters=1 calls=3 wall=  69.4s verdicts=finish
  95/198 finqa_dev_342      iters=1 calls=3 wall=  75.0s verdicts=finish
  96/198 finqa_dev_629      iters=1 calls=3 wall=  77.4s verdicts=finish
  97/198 finqa_dev_81       iters=1 calls=3 wall=  71.3s verdicts=finish
  98/198 convfinqa_2416     iters=1 calls=3 wall=  62.8s verdicts=finish
  99/198 convfinqa_2300     iters=1 calls=3 wall=  78.4s verdicts=finish
  100/198 finqa_dev_667      iters=1 calls=3 wall=  65.9s verdicts=finish
     -- 170.7min elapsed, ~167.3min left, 0 errors
  101/198 convfinqa_1732     iters=3 calls=7 wall= 211.4s verdicts=loop,loop,finish
  102/198 finqa_dev_551      iters=1 calls=3 wall=  72.6s verdicts=finish
  103/198 finqa_dev_772      iters=1 calls=3 wall=  73.2s verdicts=finish
  104/198 finqa_dev_196      iters=3 calls=7 wall= 260.9s verdicts=loop,loop,finish
  105/198 convfinqa_3009     iters=1 calls=3 wall= 105.2s verdicts=finish
  106/198 finqa_dev_308      iters=2 calls=5 wall= 212.2s verdicts=loop,finish
  107/198 finqa_dev_170      iters=1 calls=3 wall=  83.2s verdicts=finish
  108/198 finqa_dev_240      iters=1 calls=3 wall=  98.6s verdicts=finish
  109/198 finqa_dev_51       iters=1 calls=3 wall=  85.6s verdicts=finish
  110/198 convfinqa_787      iters=1 calls=3 wall=  75.7s verdicts=finish
     -- 192.7min elapsed, ~154.2min left, 0 errors
  111/198 finqa_dev_713      iters=2 calls=5 wall= 211.7s verdicts=loop,finish
  112/198 convfinqa_569      iters=1 calls=3 wall=  95.0s verdicts=finish
  113/198 finqa_dev_738      iters=1 calls=3 wall=  98.8s verdicts=finish
  114/198 convfinqa_2666     iters=1 calls=3 wall= 102.6s verdicts=finish
  115/198 convfinqa_3117     iters=1 calls=3 wall=  91.4s verdicts=finish
  116/198 finqa_dev_672      iters=4 calls=9 wall= 372.0s verdicts=loop,loop,loop,loop
  117/198 convfinqa_2601     iters=1 calls=3 wall=  85.5s verdicts=finish
  118/198 finqa_dev_839      iters=1 calls=3 wall= 192.1s verdicts=finish
  119/198 finqa_dev_54       iters=1 calls=3 wall=  78.4s verdicts=finish
  120/198 finqa_dev_677      iters=1 calls=3 wall=  75.7s verdicts=finish
     -- 216.8min elapsed, ~140.9min left, 0 errors
  121/198 finqa_dev_730      iters=1 calls=3 wall=  82.4s verdicts=finish
  122/198 finqa_dev_630      iters=1 calls=3 wall=  66.2s verdicts=finish
  123/198 finqa_dev_56       iters=1 calls=3 wall=  76.7s verdicts=finish
  124/198 finqa_dev_86       iters=1 calls=3 wall=  86.1s verdicts=finish
  125/198 finqa_dev_649      iters=1 calls=3 wall=  92.4s verdicts=finish
  126/198 finqa_dev_277      iters=1 calls=3 wall= 105.7s verdicts=finish
  127/198 finqa_dev_109      iters=1 calls=3 wall=  85.9s verdicts=finish
  128/198 finqa_dev_613      iters=1 calls=3 wall=  87.0s verdicts=finish
  129/198 finqa_dev_855      iters=1 calls=3 wall=  76.0s verdicts=finish
  130/198 convfinqa_665      iters=1 calls=3 wall= 127.7s verdicts=finish
     -- 232.3min elapsed, ~121.5min left, 0 errors
  131/198 convfinqa_3431     iters=1 calls=3 wall= 104.2s verdicts=finish
  132/198 convfinqa_999      iters=1 calls=3 wall=  83.0s verdicts=finish
  133/198 finqa_dev_572      iters=1 calls=3 wall=  82.1s verdicts=finish
  134/198 finqa_dev_247      iters=2 calls=5 wall= 163.7s verdicts=loop,finish
  135/198 convfinqa_2107     iters=1 calls=3 wall=  69.9s verdicts=finish
  136/198 finqa_dev_573      iters=1 calls=3 wall= 123.9s verdicts=finish
  137/198 finqa_dev_265      iters=1 calls=3 wall= 107.5s verdicts=finish
  138/198 finqa_dev_660      iters=1 calls=3 wall=  82.6s verdicts=finish
  139/198 convfinqa_3414     iters=1 calls=3 wall=  61.6s verdicts=finish
  140/198 finqa_dev_429      iters=1 calls=3 wall=  85.4s verdicts=finish
     -- 248.9min elapsed, ~103.1min left, 0 errors
  141/198 finqa_dev_485      iters=1 calls=3 wall=  86.4s verdicts=finish
  142/198 finqa_dev_514      iters=1 calls=3 wall=  97.9s verdicts=finish
  143/198 finqa_dev_427      iters=2 calls=5 wall= 163.8s verdicts=loop,finish
  144/198 finqa_dev_711      iters=1 calls=3 wall=  77.8s verdicts=finish
  145/198 finqa_dev_838      iters=1 calls=3 wall=  75.2s verdicts=finish
  146/198 finqa_dev_297      iters=1 calls=3 wall= 102.7s verdicts=finish
  147/198 convfinqa_2733     iters=1 calls=3 wall=  90.2s verdicts=finish
  148/198 finqa_dev_777      iters=1 calls=3 wall= 107.7s verdicts=finish
  149/198 convfinqa_3423     iters=1 calls=3 wall=  94.2s verdicts=finish
  150/198 finqa_dev_759      iters=1 calls=3 wall=  85.8s verdicts=finish
     -- 265.9min elapsed, ~85.1min left, 0 errors
  151/198 finqa_dev_617      iters=1 calls=3 wall=  74.1s verdicts=finish
  152/198 finqa_dev_333      iters=1 calls=3 wall=  84.6s verdicts=finish
  153/198 finqa_dev_382      iters=1 calls=3 wall=  76.0s verdicts=finish
  154/198 finqa_dev_290      iters=1 calls=3 wall=  76.4s verdicts=finish
  155/198 convfinqa_1385     iters=1 calls=3 wall=  76.2s verdicts=finish
  156/198 convfinqa_2606     iters=1 calls=3 wall=  86.3s verdicts=finish
  157/198 convfinqa_333      iters=2 calls=5 wall= 159.8s verdicts=loop,finish
  158/198 convfinqa_511      iters=1 calls=3 wall=  86.1s verdicts=finish
  159/198 finqa_dev_808      iters=1 calls=3 wall=  79.0s verdicts=finish
  160/198 finqa_dev_221      iters=1 calls=3 wall=  68.0s verdicts=finish
     -- 280.9min elapsed, ~66.7min left, 0 errors
  161/198 finqa_dev_192      iters=1 calls=3 wall=  65.7s verdicts=finish
  162/198 finqa_dev_367      iters=2 calls=5 wall= 149.1s verdicts=loop,finish
  163/198 finqa_dev_371      iters=1 calls=3 wall=  73.8s verdicts=finish
  164/198 finqa_dev_10       iters=1 calls=3 wall=  79.0s verdicts=finish
  165/198 finqa_dev_147      iters=1 calls=3 wall=  73.4s verdicts=finish
  166/198 finqa_dev_541      iters=1 calls=3 wall=  82.3s verdicts=finish
  167/198 convfinqa_853      iters=1 calls=3 wall=  58.8s verdicts=finish
  168/198 finqa_dev_716      iters=1 calls=3 wall=  73.9s verdicts=finish
  169/198 finqa_dev_862      iters=1 calls=3 wall= 101.8s verdicts=finish
  170/198 finqa_dev_377      iters=1 calls=3 wall= 102.5s verdicts=finish
     -- 295.9min elapsed, ~48.7min left, 0 errors
  171/198 finqa_dev_209      iters=1 calls=3 wall=  91.7s verdicts=finish
  172/198 finqa_dev_783      iters=2 calls=5 wall= 195.0s verdicts=loop,finish
  173/198 finqa_dev_845      iters=1 calls=3 wall=  79.9s verdicts=finish
  174/198 convfinqa_2915     iters=1 calls=3 wall=  93.5s verdicts=finish
  175/198 convfinqa_2808     iters=1 calls=3 wall=  66.9s verdicts=finish
  176/198 finqa_dev_298      iters=1 calls=3 wall=  86.2s verdicts=finish
  177/198 finqa_dev_812      iters=1 calls=3 wall=  70.8s verdicts=finish
  178/198 finqa_dev_350      iters=1 calls=3 wall=  64.5s verdicts=finish
  179/198 finqa_dev_615      iters=1 calls=3 wall=  82.0s verdicts=finish
  180/198 finqa_dev_390      iters=1 calls=3 wall= 104.1s verdicts=finish
     -- 312.0min elapsed, ~31.2min left, 0 errors
  181/198 finqa_dev_432      iters=1 calls=3 wall=  84.3s verdicts=finish
  182/198 finqa_dev_135      iters=1 calls=3 wall=  95.2s verdicts=finish
  183/198 finqa_dev_208      iters=1 calls=3 wall= 114.2s verdicts=finish
  184/198 finqa_dev_666      iters=1 calls=3 wall=  81.3s verdicts=finish
  185/198 convfinqa_2119     iters=1 calls=3 wall=  50.8s verdicts=finish
  186/198 convfinqa_1218     iters=1 calls=3 wall=  82.6s verdicts=finish
  187/198 convfinqa_2626     iters=1 calls=3 wall=  69.5s verdicts=finish
  188/198 finqa_dev_289      iters=1 calls=3 wall=  75.3s verdicts=finish
  189/198 finqa_dev_158      iters=1 calls=3 wall=  76.1s verdicts=finish
  190/198 finqa_dev_140      iters=1 calls=3 wall=  72.3s verdicts=finish
     -- 325.8min elapsed, ~13.7min left, 0 errors
  191/198 convfinqa_1413     iters=1 calls=3 wall=  62.7s verdicts=finish
  192/198 finqa_dev_296      iters=2 calls=5 wall= 152.4s verdicts=loop,finish
  193/198 finqa_dev_851      iters=1 calls=3 wall=  69.4s verdicts=finish
  194/198 finqa_dev_661      iters=1 calls=3 wall= 100.7s verdicts=finish
  195/198 convfinqa_2494     iters=1 calls=3 wall=  72.1s verdicts=finish
  196/198 finqa_dev_764      iters=1 calls=3 wall=  79.6s verdicts=finish
  197/198 convfinqa_2556     iters=1 calls=3 wall=  88.3s verdicts=finish
  198/198 finqa_dev_506      iters=2 calls=5 wall= 175.9s verdicts=loop,finish
     -- 339.6min elapsed, ~0.0min left, 0 errors
wrote data/day9_arm6_dev_results.jsonl (0 errors) -- re-run the same command to retry any errors
