#0 building with "desktop-linux" instance using docker driver

#1 [internal] load build definition from Dockerfile
#1 transferring dockerfile: 5.34kB done
#1 DONE 0.0s

#2 [auth] docker/dockerfile:pull token for registry-1.docker.io
#2 DONE 0.0s

#3 resolve image config for docker-image://docker.io/docker/dockerfile:1
#3 DONE 0.8s

#4 docker-image://docker.io/docker/dockerfile:1@sha256:ecfaec9ed6d810b56388c508f4121597bfbba70d41a6dfeee4d8cad5f295fc32
#4 resolve docker.io/docker/dockerfile:1@sha256:ecfaec9ed6d810b56388c508f4121597bfbba70d41a6dfeee4d8cad5f295fc32 0.0s done
#4 CACHED

#5 [auth] library/python:pull token for registry-1.docker.io
#5 DONE 0.0s

#6 [internal] load metadata for ghcr.io/astral-sh/uv:0.12.1
#6 ...

#7 [internal] load metadata for docker.io/library/python:3.12-slim-bookworm
#7 DONE 0.5s

#6 [internal] load metadata for ghcr.io/astral-sh/uv:0.12.1
#6 DONE 0.6s

#8 [internal] load .dockerignore
#8 transferring context: 177B done
#8 DONE 0.0s

#9 [uvbin 1/1] FROM ghcr.io/astral-sh/uv:0.12.1@sha256:cf4eedcaa81655197f625739489effcbe71b61ceb1506f332c3facae5deceded
#9 resolve ghcr.io/astral-sh/uv:0.12.1@sha256:cf4eedcaa81655197f625739489effcbe71b61ceb1506f332c3facae5deceded done
#9 DONE 0.0s

#10 [builder 1/5] FROM docker.io/library/python:3.12-slim-bookworm@sha256:782412e85d0f0984994c290652577d4018aff08145c85b262bb63dc0c7522254
#10 resolve docker.io/library/python:3.12-slim-bookworm@sha256:782412e85d0f0984994c290652577d4018aff08145c85b262bb63dc0c7522254 done
#10 DONE 0.0s

#11 [internal] load build context
#11 transferring context: 15.40kB 0.0s done
#11 DONE 0.0s

#12 [builder 4/5] COPY pyproject.toml uv.lock ./
#12 CACHED

#13 [weights 1/1] RUN --mount=type=cache,target=/root/.cache/huggingface     /opt/venv/bin/python -c "from huggingface_hub import snapshot_download; snapshot_download('BAAI/bge-m3', ignore_patterns=['*.onnx','*.h5','*.msgpack','onnx/*']); snapshot_download('BAAI/bge-reranker-v2-m3', ignore_patterns=['*.onnx','*.h5','*.msgpack','onnx/*'])"
#13 CACHED

#14 [builder 2/5] COPY --from=uvbin /uv /bin/uv
#14 CACHED

#15 [builder 3/5] WORKDIR /build
#15 CACHED

#16 [builder 5/5] RUN uv export --frozen --no-dev --no-emit-project --no-hashes --extra serve         -o /build/requirements.full.txt     && grep -vE '^(nvidia-|triton)' /build/requirements.full.txt > /build/requirements.txt     && uv venv /opt/venv     && VIRTUAL_ENV=/opt/venv uv pip install --torch-backend=cpu -r /build/requirements.txt
#16 CACHED

#17 [runtime 2/7] COPY --from=builder /opt/venv /opt/venv
#17 CACHED

#18 [runtime 3/7] COPY --from=weights /models /models
#18 CACHED

#19 [runtime 4/7] COPY src /app/src
#19 DONE 0.0s

#20 [runtime 5/7] COPY data/company_lexicon.json /app/data/company_lexicon.json
#20 DONE 0.0s

#21 [runtime 6/7] WORKDIR /app
#21 DONE 0.0s

#22 [runtime 7/7] RUN useradd --system --create-home --uid 10001 app && chown -R app:app /app
#22 0.093 useradd warning: app's uid 10001 is greater than SYS_UID_MAX 999
#22 DONE 0.1s

#23 exporting to image
#23 exporting layers 0.0s done
#23 exporting manifest sha256:2c71933550269fb2ae822f4ec6bcc46a38ec148e41a02fc1420e658b5c75b76e done
#23 exporting config sha256:1362e3e2ef0524fe82026a3982036d6fd4bddeefb6e071ac504446f00fec6cad done
#23 exporting attestation manifest sha256:96b5a42fe0ca79d8edc32e3539d364e1d73dfd1ce8dc0434f2363d324fec2511 done
#23 exporting manifest list sha256:e5422fbf2e39b09c3c147c9682c71dddb8115676d996f243b5d0671360098633 done
#23 naming to docker.io/library/rag-sec-api:latest done
#23 unpacking to docker.io/library/rag-sec-api:latest 0.0s done
#23 DONE 0.1s

View build details: docker-desktop://dashboard/build/desktop-linux/desktop-linux/1ioyxjoq8g0ht085uns39dfhp
