mode=empty_cache n=25
  i  embed_s  rerank_s    mps_mb   swap_mb
Loading weights:   0%|          | 0/391 [00:00<?, ?it/s]Loading weights: 100%|██████████| 391/391 [00:00<00:00, 89989.73it/s]
Loading weights:   0%|          | 0/393 [00:00<?, ?it/s]Loading weights: 100%|██████████| 393/393 [00:00<00:00, 7569.62it/s]
  0    0.356     24.45    4542.3    2564.5
  1    0.073     24.70    4542.3    2508.5
  2    0.073     38.92    4542.3    2476.5
  3    0.074     42.15    4542.3    2428.5
  4    0.071     31.67    4542.3    2380.5
  5    0.071     34.17    4542.3    2328.2
  6    0.096     34.39    4542.3    2264.1
  7    0.071     33.21    4542.3    2240.1
  8    0.072     34.85    4542.3    2208.1
  9    0.071     31.73    4542.3    2200.1
 10    0.076     36.69    4542.3    2176.1
 11    0.070     35.40    4542.3    2160.1
 12    0.067     32.74    4542.3    2112.1
 13    0.068     32.29    4542.3    2096.1
 14    0.066     34.69    4542.3    2064.1
 15    0.084     35.98    4542.3    2016.1
 16    0.087     33.87    4542.3    2000.1
 17    0.068     33.07    4542.3    1952.1
 18    0.080     33.95    4542.3    1904.1
 19    0.071     37.20    4542.3    1904.1
 20    0.073     36.21    4542.3    1904.1
 21    0.062     32.33    4542.3    1888.1
 22    0.067     32.50    4542.3    1880.1
 23    0.071     32.07    4542.3    1864.1
 24    0.072     32.05    4542.3    1832.1
embed_s    first-third     0.111  last-third     0.070  x0.6
rerank_s   first-third    32.957  last-third    33.671  x1.0
mps_mb     first-third  4542.306  last-third  4542.306  x1.0
swap_mb    first-third  2398.866  last-third  1891.120  x0.8
